// Jest Snapshot v1, https://goo.gl/fbAQLP

exports[`<SignUp/> renders and match snapshot 1`] = `
<form
  className="Form-sc-1xszr8q-0 krRxky"
  method="POST"
  onSubmit={[Function]}
>
  <DisplayError
    error={Object {}}
  />
  <fieldset
    aria-busy={false}
    disabled={false}
  >
    <h2>
      Sign Up for an Account
    </h2>
    <label
      htmlFor="name"
    >
      Name
      <input
        id="name"
        name="name"
        onChange={[Function]}
        placeholder="Name"
        required={true}
        type="name"
        value=""
      />
    </label>
    <label
      htmlFor="email"
    >
      Email
      <input
        id="email"
        name="email"
        onChange={[Function]}
        placeholder="Email"
        required={true}
        type="email"
        value=""
      />
    </label>
    <label
      htmlFor="password"
    >
      Password
      <input
        id="password"
        name="password"
        onChange={[Function]}
        placeholder="Password"
        required={true}
        type="password"
        value=""
      />
    </label>
    <button
      type="Submit"
    >
      Sign Up
    </button>
  </fieldset>
</form>
`;
